Component: ARM Compiler 5.05 update 1 (build 106) Tool: armlink [4d0efa]

==============================================================================

Section Cross References

    main.o(i.main) refers to systick.o(i.SysTick_Init_Config) for SysTick_Init_Config
    main.o(i.main) refers to usart.o(i.USART1_Init_Config) for USART1_Init_Config
    main.o(i.main) refers to usart.o(i.USART2_Init_Config) for USART2_Init_Config
    main.o(i.main) refers to timer.o(i.Timer2_Init_Config) for Timer2_Init_Config
    main.o(i.main) refers to systick.o(i.Delay_nMs) for Delay_nMs
    main.o(i.main) refers to usart.o(i.UART1_SendString) for UART1_SendString
    main.o(i.main) refers to gsm_code.o(i.Second_AT_Command) for Second_AT_Command
    main.o(i.main) refers to gsm_code.o(i.Set_ATE0) for Set_ATE0
    main.o(i.main) refers to gsm_code.o(i.Second_AT_Command_Recv) for Second_AT_Command_Recv
    main.o(i.main) refers to usart.o(i.UART1_SendData) for UART1_SendData
    main.o(i.main) refers to client_demo.o(i.client_main) for client_main
    main.o(i.main) refers to main.o(.bss) for buf
    main.o(i.main) refers to main.o(.data) for ret
    stm32f10x_it.o(i.SysTick_Handler) refers to systick.o(i.SysTickDelayTime_Counter) for SysTickDelayTime_Counter
    stm32f10x_adc.o(i.ADC_DeInit) refers to stm32f10x_rcc.o(i.RCC_APB2PeriphResetCmd) for RCC_APB2PeriphResetCmd
    stm32f10x_bkp.o(i.BKP_DeInit) refers to stm32f10x_rcc.o(i.RCC_BackupResetCmd) for RCC_BackupResetCmd
    stm32f10x_can.o(i.CAN_DeInit) refers to stm32f10x_rcc.o(i.RCC_APB1PeriphResetCmd) for RCC_APB1PeriphResetCmd
    stm32f10x_can.o(i.CAN_GetITStatus) refers to stm32f10x_can.o(i.CheckITStatus) for CheckITStatus
    stm32f10x_cec.o(i.CEC_DeInit) refers to stm32f10x_rcc.o(i.RCC_APB1PeriphResetCmd) for RCC_APB1PeriphResetCmd
    stm32f10x_dac.o(i.DAC_DeInit) refers to stm32f10x_rcc.o(i.RCC_APB1PeriphResetCmd) for RCC_APB1PeriphResetCmd
    stm32f10x_flash.o(i.FLASH_EnableWriteProtection) refers to stm32f10x_flash.o(i.FLASH_WaitForLastOperation) for FLASH_WaitForLastOperation
    stm32f10x_flash.o(i.FLASH_EraseAllBank1Pages) refers to stm32f10x_flash.o(i.FLASH_WaitForLastBank1Operation) for FLASH_WaitForLastBank1Operation
    stm32f10x_flash.o(i.FLASH_EraseAllPages) refers to stm32f10x_flash.o(i.FLASH_WaitForLastOperation) for FLASH_WaitForLastOperation
    stm32f10x_flash.o(i.FLASH_EraseOptionBytes) refers to stm32f10x_flash.o(i.FLASH_GetReadOutProtectionStatus) for FLASH_GetReadOutProtectionStatus
    stm32f10x_flash.o(i.FLASH_EraseOptionBytes) refers to stm32f10x_flash.o(i.FLASH_WaitForLastOperation) for FLASH_WaitForLastOperation
    stm32f10x_flash.o(i.FLASH_ErasePage) refers to stm32f10x_flash.o(i.FLASH_WaitForLastOperation) for FLASH_WaitForLastOperation
    stm32f10x_flash.o(i.FLASH_ProgramHalfWord) refers to stm32f10x_flash.o(i.FLASH_WaitForLastOperation) for FLASH_WaitForLastOperation
    stm32f10x_flash.o(i.FLASH_ProgramOptionByteData) refers to stm32f10x_flash.o(i.FLASH_WaitForLastOperation) for FLASH_WaitForLastOperation
    stm32f10x_flash.o(i.FLASH_ProgramWord) refers to stm32f10x_flash.o(i.FLASH_WaitForLastOperation) for FLASH_WaitForLastOperation
    stm32f10x_flash.o(i.FLASH_ReadOutProtection) refers to stm32f10x_flash.o(i.FLASH_WaitForLastOperation) for FLASH_WaitForLastOperation
    stm32f10x_flash.o(i.FLASH_UserOptionByteConfig) refers to stm32f10x_flash.o(i.FLASH_WaitForLastOperation) for FLASH_WaitForLastOperation
    stm32f10x_flash.o(i.FLASH_WaitForLastBank1Operation) refers to stm32f10x_flash.o(i.FLASH_GetBank1Status) for FLASH_GetBank1Status
    stm32f10x_flash.o(i.FLASH_WaitForLastOperation) refers to stm32f10x_flash.o(i.FLASH_GetBank1Status) for FLASH_GetBank1Status
    stm32f10x_gpio.o(i.GPIO_AFIODeInit) refers to stm32f10x_rcc.o(i.RCC_APB2PeriphResetCmd) for RCC_APB2PeriphResetCmd
    stm32f10x_gpio.o(i.GPIO_DeInit) refers to stm32f10x_rcc.o(i.RCC_APB2PeriphResetCmd) for RCC_APB2PeriphResetCmd
    stm32f10x_i2c.o(i.I2C_DeInit) refers to stm32f10x_rcc.o(i.RCC_APB1PeriphResetCmd) for RCC_APB1PeriphResetCmd
    stm32f10x_i2c.o(i.I2C_Init) refers to stm32f10x_rcc.o(i.RCC_GetClocksFreq) for RCC_GetClocksFreq
    stm32f10x_pwr.o(i.PWR_DeInit) refers to stm32f10x_rcc.o(i.RCC_APB1PeriphResetCmd) for RCC_APB1PeriphResetCmd
    stm32f10x_rcc.o(i.RCC_GetClocksFreq) refers to stm32f10x_rcc.o(.data) for APBAHBPrescTable
    stm32f10x_rcc.o(i.RCC_WaitForHSEStartUp) refers to stm32f10x_rcc.o(i.RCC_GetFlagStatus) for RCC_GetFlagStatus
    stm32f10x_rtc.o(i.RTC_SetAlarm) refers to stm32f10x_rtc.o(i.RTC_EnterConfigMode) for RTC_EnterConfigMode
    stm32f10x_rtc.o(i.RTC_SetAlarm) refers to stm32f10x_rtc.o(i.RTC_ExitConfigMode) for RTC_ExitConfigMode
    stm32f10x_rtc.o(i.RTC_SetCounter) refers to stm32f10x_rtc.o(i.RTC_EnterConfigMode) for RTC_EnterConfigMode
    stm32f10x_rtc.o(i.RTC_SetCounter) refers to stm32f10x_rtc.o(i.RTC_ExitConfigMode) for RTC_ExitConfigMode
[...]
    Removing cjson.o(i.cJSON_ReplaceItemViaPointer), (74 bytes).
    Removing cjson.o(i.cJSON_SetNumberHelper), (84 bytes).
    Removing cjson.o(i.cJSON_Version), (40 bytes).
    Removing cjson.o(i.cJSON_free), (20 bytes).
    Removing cjson.o(i.cJSON_malloc), (20 bytes).
    Removing cjson.o(i.case_insensitive_strcmp), (72 bytes).
    Removing cjson.o(i.create_reference), (60 bytes).
    Removing cjson.o(i.get_array_item), (30 bytes).
    Removing cjson.o(i.get_object_item), (82 bytes).
    Removing cjson.o(i.minify_string), (116 bytes).
    Removing cjson.o(i.parse_array), (244 bytes).
    Removing cjson.o(i.parse_hex4), (90 bytes).
    Removing cjson.o(i.parse_number), (312 bytes).
    Removing cjson.o(i.parse_object), (314 bytes).
    Removing cjson.o(i.parse_string), (396 bytes).
    Removing cjson.o(i.parse_value), (316 bytes).
    Removing cjson.o(i.replace_item_in_object), (88 bytes).
    Removing cjson.o(i.skip_multiline_comment), (50 bytes).
    Removing cjson.o(i.skip_oneline_comment), (42 bytes).
    Removing cjson.o(i.skip_utf8_bom), (60 bytes).
    Removing cjson.o(i.utf16_literal_to_utf8), (300 bytes).
    Removing cjson.o(.bss), (15 bytes).
    Removing dflti.o(.text), (34 bytes).

610 unused section(s) (total 41978 bytes) removed from the image.

==============================================================================

Image Symbol Table

    Local Symbols

    Symbol Name                              Value     Ov Type        Size  Object(Section)

    ../clib/microlib/ctype/ctype.c           0x00000000   Number         0  isspace_c.o ABSOLUTE
    ../clib/microlib/ctype/ctype.c           0x00000000   Number         0  ctype_c.o ABSOLUTE
    ../clib/microlib/ctype/tolower.c         0x00000000   Number         0  tolower.o ABSOLUTE
    ../clib/microlib/division.c              0x00000000   Number         0  uidiv.o ABSOLUTE
    ../clib/microlib/division.c              0x00000000   Number         0  uldiv.o ABSOLUTE
    ../clib/microlib/errno.c                 0x00000000   Number         0  errno.o ABSOLUTE
    ../clib/microlib/init/entry.s            0x00000000   Number         0  entry7a.o ABSOLUTE
    ../clib/microlib/init/entry.s            0x00000000   Number         0  entry5.o ABSOLUTE
    ../clib/microlib/init/entry.s            0x00000000   Number         0  entry2.o ABSOLUTE
    ../clib/microlib/init/entry.s            0x00000000   Number         0  entry8a.o ABSOLUTE
    ../clib/microlib/init/entry.s            0x00000000   Number         0  entry10a.o ABSOLUTE
    ../clib/microlib/init/entry.s            0x00000000   Number         0  entry9b.o ABSOLUTE
    ../clib/microlib/init/entry.s            0x00000000   Number         0  entry10b.o ABSOLUTE
    ../clib/microlib/init/entry.s            0x00000000   Number         0  entry11a.o ABSOLUTE
    ../clib/microlib/init/entry.s            0x00000000   Number         0  entry11b.o ABSOLUTE
    ../clib/microlib/init/entry.s            0x00000000   Number         0  entry.o ABSOLUTE
    ../clib/microlib/init/entry.s            0x00000000   Number         0  entry7b.o ABSOLUTE
    ../clib/microlib/init/entry.s            0x00000000   Number         0  entry8b.o ABSOLUTE
    ../clib/microlib/init/entry.s            0x00000000   Number         0  entry9a.o ABSOLUTE
    ../clib/microlib/longlong.c              0x00000000   Number         0  llshl.o ABSOLUTE
    ../clib/microlib/longlong.c              0x00000000   Number         0  llsshr.o ABSOLUTE
    ../clib/microlib/longlong.c              0x00000000   Number         0  llushr.o ABSOLUTE
    ../clib/microlib/malloc/malloc.c         0x00000000   Number         0  mallocra.o ABSOLUTE
    ../clib/microlib/malloc/malloc.c         0x00000000   Number         0  malloca.o ABSOLUTE
    ../clib/microlib/malloc/malloc.c         0x00000000   Number         0  mallocr.o ABSOLUTE
    ../clib/microlib/malloc/malloc.c         0x00000000   Number         0  malloc.o ABSOLUTE
    ../clib/microlib/malloc/mvars.c          0x00000000   Number         0  mvars.o ABSOLUTE
    ../clib/microlib/printf/printf.c         0x00000000   Number         0  printf3.o ABSOLUTE
    ../clib/microlib/printf/printf.c         0x00000000   Number         0  printfb.o ABSOLUTE
    ../clib/microlib/printf/printf.c         0x00000000   Number         0  printf5.o ABSOLUTE
    ../clib/microlib/printf/printf.c         0x00000000   Number         0  printf6.o ABSOLUTE
    ../clib/microlib/printf/printf.c         0x00000000   Number         0  printf7.o ABSOLUTE
    ../clib/microlib/printf/printf.c         0x00000000   Number         0  printf8.o ABSOLUTE
    ../clib/microlib/printf/printf.c         0x00000000   Number         0  printfa.o ABSOLUTE
    ../clib/microlib/printf/printf.c         0x00000000   Number         0  printf1.o ABSOLUTE
    ../clib/microlib/printf/printf.c         0x00000000   Number         0  printf4.o ABSOLUTE
    ../clib/microlib/printf/printf.c         0x00000000   Number         0  printf0.o ABSOLUTE
    ../clib/microlib/printf/printf.c         0x00000000   Number         0  printf2.o ABSOLUTE
    ../clib/microlib/printf/stubs.s          0x00000000   Number         0  stubs.o ABSOLUTE
    ../clib/microlib/stdio/fputs.c           0x00000000   Number         0  fputs_e.o ABSOLUTE
    ../clib/microlib/stdio/fputs.c           0x00000000   Number         0  fputs.o ABSOLUTE
    ../clib/microlib/stdio/perror.c          0x00000000   Number         0  perror.o ABSOLUTE
    ../clib/microlib/stdio/streams.c         0x00000000   Number         0  stderr.o ABSOLUTE
    ../clib/microlib/string/memcpy.c         0x00000000   Number         0  memcpyb.o ABSOLUTE
    ../clib/microlib/string/memcpy.c         0x00000000   Number         0  memcpya.o ABSOLUTE
    ../clib/microlib/string/memset.c         0x00000000   Number         0  memseta.o ABSOLUTE
    ../clib/microlib/string/strcat.c         0x00000000   Number         0  strcat.o ABSOLUTE
    ../clib/microlib/string/strcmp.c         0x00000000   Number         0  strcmp.o ABSOLUTE
    ../clib/microlib/string/strcpy.c         0x00000000   Number         0  strcpy.o ABSOLUTE
    ../clib/microlib/string/strerror.c       0x00000000   Number         0  strerror.o ABSOLUTE
    ../clib/microlib/string/strlen.c         0x00000000   Number         0  strlen.o ABSOLUTE
    ../clib/microlib/string/strncmp.c        0x00000000   Number         0  strncmp.o ABSOLUTE
    ../clib/microlib/string/strrchr.c        0x00000000   Number         0  strrchr.o ABSOLUTE
    ../clib/microlib/string/strstr.c         0x00000000   Number         0  strstr.o ABSOLUTE
    ../clib/microlib/stubs.s                 0x00000000   Number         0  useno.o ABSOLUTE
    ../clib/microlib/stubs.s                 0x00000000   Number         0  iusefp.o ABSOLUTE
    ../clib/scanf.c                          0x00000000   Number         0  strtod.o ABSOLUTE
    ../clib/scanf.c                          0x00000000   Number         0  scanf_char.o ABSOLUTE
    ../clib/scanf.c                          0x00000000   Number         0  __0sscanf.o ABSOLUTE
    ../clib/scanf.c                          0x00000000   Number         0  _sgetc.o ABSOLUTE
    ../clib/scanf.c                          0x00000000   Number         0  scanf_fp.o ABSOLUTE
    ../clib/scanf.c                          0x00000000   Number         0  _scanf.o ABSOLUTE
    ../fplib/microlib/d2f.c                  0x00000000   Number         0  d2f.o ABSOLUTE
    ../fplib/microlib/f2d.c                  0x00000000   Number         0  f2d.o ABSOLUTE
    ../fplib/microlib/fpadd.c                0x00000000   Number         0  dadd.o ABSOLUTE
    ../fplib/microlib/fpdiv.c                0x00000000   Number         0  ddiv.o ABSOLUTE
    ../fplib/microlib/fpepilogue.c           0x00000000   Number         0  fepilogue.o ABSOLUTE
    ../fplib/microlib/fpepilogue.c           0x00000000   Number         0  depilogue.o ABSOLUTE
    ../fplib/microlib/fpfix.c                0x00000000   Number         0  dfixul.o ABSOLUTE
    ../fplib/microlib/fpfix.c                0x00000000   Number         0  dfixi.o ABSOLUTE
    ../fplib/microlib/fpflt.c                0x00000000   Number         0  dflti.o ABSOLUTE
    ../fplib/microlib/fpflt.c                0x00000000   Number         0  dfltul.o ABSOLUTE
    ../fplib/microlib/fpmul.c                0x00000000   Number         0  dmul.o ABSOLUTE
    ../mathlib/strtod.c                      0x00000000   Number         0  strtod.o ABSOLUTE
    ..\CORE\core_cm3.c                       0x00000000   Number         0  core_cm3.o ABSOLUTE
    ..\CORE\startup_stm32f10x_hd.s           0x00000000   Number         0  startup_stm32f10x_hd.o ABSOLUTE
    ..\CORE\system_stm32f10x.c               0x00000000   Number         0  system_stm32f10x.o ABSOLUTE
    ..\FWLIB\src\misc.c                      0x00000000   Number         0  misc.o ABSOLUTE
    ..\FWLIB\src\stm32f10x_adc.c             0x00000000   Number         0  stm32f10x_adc.o ABSOLUTE
    ..\FWLIB\src\stm32f10x_bkp.c             0x00000000   Number         0  stm32f10x_bkp.o ABSOLUTE
    ..\FWLIB\src\stm32f10x_can.c             0x00000000   Number         0  stm32f10x_can.o ABSOLUTE
    ..\FWLIB\src\stm32f10x_cec.c             0x00000000   Number         0  stm32f10x_cec.o ABSOLUTE
    ..\FWLIB\src\stm32f10x_crc.c             0x00000000   Number         0  stm32f10x_crc.o ABSOLUTE
    ..\FWLIB\src\stm32f10x_dac.c             0x00000000   Number         0  stm32f10x_dac.o ABSOLUTE
    ..\FWLIB\src\stm32f10x_dbgmcu.c          0x00000000   Number         0  stm32f10x_dbgmcu.o ABSOLUTE
    ..\FWLIB\src\stm32f10x_dma.c             0x00000000   Number         0  stm32f10x_dma.o ABSOLUTE
    ..\FWLIB\src\stm32f10x_exti.c            0x00000000   Number         0  stm32f10x_exti.o ABSOLUTE
    ..\FWLIB\src\stm32f10x_flash.c           0x00000000   Number         0  stm32f10x_flash.o ABSOLUTE
    ..\FWLIB\src\stm32f10x_fsmc.c            0x00000000   Number         0  stm32f10x_fsmc.o ABSOLUTE
    ..\FWLIB\src\stm32f10x_gpio.c            0x00000000   Number         0  stm32f10x_gpio.o ABSOLUTE
    ..\FWLIB\src\stm32f10x_i2c.c             0x00000000   Number         0  stm32f10x_i2c.o ABSOLUTE
    ..\FWLIB\src\stm32f10x_iwdg.c            0x00000000   Number         0  stm32f10x_iwdg.o ABSOLUTE
    ..\FWLIB\src\stm32f10x_pwr.c             0x00000000   Number         0  stm32f10x_pwr.o ABSOLUTE
    ..\FWLIB\src\stm32f10x_rcc.c             0x00000000   Number         0  stm32f10x_rcc.o ABSOLUTE
    ..\FWLIB\src\stm32f10x_rtc.c             0x00000000   Number         0  stm32f10x_rtc.o ABSOLUTE
    ..\FWLIB\src\stm32f10x_sdio.c            0x00000000   Number         0  stm32f10x_sdio.o ABSOLUTE
    ..\FWLIB\src\stm32f10x_spi.c             0x00000000   Number         0  stm32f10x_spi.o ABSOLUTE
    ..\FWLIB\src\stm32f10x_tim.c             0x00000000   Number         0  stm32f10x_tim.o ABSOLUTE
    ..\FWLIB\src\stm32f10x_usart.c           0x00000000   Number         0  stm32f10x_usart.o ABSOLUTE
    ..\FWLIB\src\stm32f10x_wwdg.c            0x00000000   Number         0  stm32f10x_wwdg.o ABSOLUTE
    ..\HARDWARE\QIDI\client_demo.c           0x00000000   Number         0  client_demo.o ABSOLUTE
    ..\HARDWARE\QIDI\qdy_aff.c               0x00000000   Number         0  qdy_aff.o ABSOLUTE
    ..\HARDWARE\QIDI\qdy_interface.c         0x00000000   Number         0  qdy_interface.o ABSOLUTE
    ..\HARDWARE\SysTick\SysTick.c            0x00000000   Number         0  systick.o ABSOLUTE
    ..\HARDWARE\TIMER\timer.c                0x00000000   Number         0  timer.o ABSOLUTE
    ..\HARDWARE\cjson\cJSON.c                0x00000000   Number         0  cjson.o ABSOLUTE
    ..\HARDWARE\cjson\cJSON_Utils.c          0x00000000   Number         0  cjson_utils.o ABSOLUTE
    ..\HARDWARE\cjson_forstm32\malloc.c      0x00000000   Number         0  malloc.o ABSOLUTE
    ..\HARDWARE\gsm\gsm_base.c               0x00000000   Number         0  gsm_base.o ABSOLUTE
    ..\HARDWARE\gsm\gsm_code.c               0x00000000   Number         0  gsm_code.o ABSOLUTE
    ..\HARDWARE\gsm\tcp_base.c               0x00000000   Number         0  tcp_base.o ABSOLUTE
    ..\HARDWARE\usart\usart.c                0x00000000   Number         0  usart.o ABSOLUTE
    ..\\CORE\\core_cm3.c                     0x00000000   Number         0  core_cm3.o ABSOLUTE
    cdcmple.s                                0x00000000   Number         0  cdcmple.o ABSOLUTE
    cdrcmple.s                               0x00000000   Number         0  cdrcmple.o ABSOLUTE
    dc.s                                     0x00000000   Number         0  dc.o ABSOLUTE
    handlers.s                               0x00000000   Number         0  handlers.o ABSOLUTE
    init.s                                   0x00000000   Number         0  init.o ABSOLUTE
    main.c                                   0x00000000   Number         0  main.o ABSOLUTE
    stm32f10x_it.c                           0x00000000   Number         0  stm32f10x_it.o ABSOLUTE
    RESET                                    0x08000000   Section      304  startup_stm32f10x_hd.o(RESET)
    .ARM.Collect$$$$00000000                 0x08000130   Section        0  entry.o(.ARM.Collect$$$$00000000)
    .ARM.Collect$$$$00000001                 0x08000130   Section        4  entry2.o(.ARM.Collect$$$$00000001)
    .ARM.Collect$$$$00000004                 0x08000134   Section        4  entry5.o(.ARM.Collect$$$$00000004)
    .ARM.Collect$$$$00000008                 0x08000138   Section        0  entry7b.o(.ARM.Collect$$$$00000008)
    .ARM.Collect$$$$0000000A                 0x08000138   Section        0  entry8b.o(.ARM.Collect$$$$0000000A)
    .ARM.Collect$$$$0000000B                 0x08000138   Section        8  entry9a.o(.ARM.Collect$$$$0000000B)
    .ARM.Collect$$$$0000000D                 0x08000140   Section        0  entry10a.o(.ARM.Collect$$$$0000000D)
    .ARM.Collect$$$$0000000F                 0x08000140   Section        0  entry11a.o(.ARM.Collect$$$$0000000F)
    .ARM.Collect$$$$00002712                 0x08000140   Section        4  entry2.o(.ARM.Collect$$$$00002712)
    __lit__00000000                          0x08000140   Data           4  entry2.o(.ARM.Collect$$$$00002712)
    .text                                    0x08000144   Section       36  startup_stm32f10x_hd.o(.text)
    .text                                    0x08000168   Section        0  memcpya.o(.text)
    .text                                    0x0800018c   Section        0  memseta.o(.text)
    .text                                    0x080001b0   Section        0  strstr.o(.text)
    .text                                    0x080001d4   Section        0  strlen.o(.text)
    .text                                    0x080001e2   Section        0  strcpy.o(.text)
    .text                                    0x080001f4   Section        0  __0sscanf.o(.text)
    .text                                    0x0800022c   Section        0  scanf_fp.o(.text)
    _fp_value                                0x0800022d   Thumb Code   256  scanf_fp.o(.text)
    .text                                    0x08000564   Section        0  dadd.o(.text)
    .text                                    0x080006b2   Section        0  dmul.o(.text)
    .text                                    0x08000796   Section        0  dfixi.o(.text)
    .text                                    0x080007d4   Section        0  f2d.o(.text)
    .text                                    0x080007fc   Section       48  cdcmple.o(.text)
    .text                                    0x0800082c   Section       48  cdrcmple.o(.text)
    .text                                    0x0800085c   Section        0  d2f.o(.text)
    .text                                    0x08000894   Section        0  uidiv.o(.text)
    .text                                    0x080008c0   Section        0  uldiv.o(.text)
    .text                                    0x08000922   Section        0  llshl.o(.text)
    .text                                    0x08000940   Section        0  llushr.o(.text)
    .text                                    0x08000960   Section        0  llsshr.o(.text)
    .text                                    0x08000984   Section        0  strerror.o(.text)
    .text                                    0x08000a68   Section        0  scanf_char.o(.text)
    _scanf_char_input                        0x08000a69   Thumb Code    12  scanf_char.o(.text)
    .text                                    0x08000a90   Section        0  _sgetc.o(.text)
    .text                                    0x08000ad0   Section        0  fepilogue.o(.text)
    .text                                    0x08000ad0   Section        0  iusefp.o(.text)
    .text                                    0x08000b3e   Section        0  depilogue.o(.text)
    .text                                    0x08000bf8   Section        0  ddiv.o(.text)
    .text                                    0x08000cd6   Section        0  dfltul.o(.text)
    .text                                    0x08000cee   Section        0  dfixul.o(.text)
    .text                                    0x08000d20   Section       36  init.o(.text)
    .text                                    0x08000d44   Section        0  isspace_c.o(.text)
    .text                                    0x08000d50   Section        0  _scanf.o(.text)
    .text                                    0x0800107c   Section        0  ctype_c.o(.text)
    i.BusFault_Handler                       0x080010a4   Section        0  stm32f10x_it.o(i.BusFault_Handler)
    i.CLR_Buf2                               0x080010a8   Section        0  gsm_code.o(i.CLR_Buf2)
    i.DebugMon_Handler                       0x080010d4   Section        0  stm32f10x_it.o(i.DebugMon_Handler)
    i.Delay_nMs                              0x080010d8   Section        0  systick.o(i.Delay_nMs)
    i.Delay_nS                               0x080010fc   Section        0  systick.o(i.Delay_nS)
    i.Find                                   0x08001128   Section        0  gsm_code.o(i.Find)
    i.GPIO_Init                              0x08001144   Section        0  stm32f10x_gpio.o(i.GPIO_Init)
    i.HardFault_Handler                      0x0800125a   Section        0  stm32f10x_it.o(i.HardFault_Handler)
    i.MemManage_Handler                      0x0800125e   Section        0  stm32f10x_it.o(i.MemManage_Handler)
    i.NMI_Handler                            0x08001262   Section        0  stm32f10x_it.o(i.NMI_Handler)
    i.NVIC_Init                              0x08001264   Section        0  misc.o(i.NVIC_Init)
    i.PendSV_Handler                         0x080012d4   Section        0  stm32f10x_it.o(i.PendSV_Handler)
    i.RCC_APB1PeriphClockCmd                 0x080012d8   Section        0  stm32f10x_rcc.o(i.RCC_APB1PeriphClockCmd)
    i.RCC_APB1PeriphResetCmd                 0x080012f8   Section        0  stm32f10x_rcc.o(i.RCC_APB1PeriphResetCmd)
    i.RCC_APB2PeriphClockCmd                 0x08001318   Section        0  stm32f10x_rcc.o(i.RCC_APB2PeriphClockCmd)
    i.RCC_APB2PeriphResetCmd                 0x08001338   Section        0  stm32f10x_rcc.o(i.RCC_APB2PeriphResetCmd)
    i.RCC_GetClocksFreq                      0x08001358   Section        0  stm32f10x_rcc.o(i.RCC_GetClocksFreq)
    i.SVC_Handler                            0x0800142c   Section        0  stm32f10x_it.o(i.SVC_Handler)
    i.Second_AT_Command                      0x08001430   Section        0  gsm_code.o(i.Second_AT_Command)
    i.Second_AT_Command_Recv                 0x080014cc   Section        0  gsm_code.o(i.Second_AT_Command_Recv)
    i.SetSysClock                            0x0800156c   Section        0  system_stm32f10x.o(i.SetSysClock)
    SetSysClock                              0x0800156d   Thumb Code     8  system_stm32f10x.o(i.SetSysClock)
    i.SetSysClockTo72                        0x08001574   Section        0  system_stm32f10x.o(i.SetSysClockTo72)
    SetSysClockTo72                          0x08001575   Thumb Code   214  system_stm32f10x.o(i.SetSysClockTo72)
    i.Set_ATE0                               0x08001654   Section        0  gsm_code.o(i.Set_ATE0)
    i.SysTickDelayTime_Counter               0x08001670   Section        0  systick.o(i.SysTickDelayTime_Counter)
    i.SysTick_Handler                        0x08001688   Section        0  stm32f10x_it.o(i.SysTick_Handler)
    i.SysTick_Init_Config                    0x08001690   Section        0  systick.o(i.SysTick_Init_Config)
    i.SystemInit                             0x08001708   Section        0  system_stm32f10x.o(i.SystemInit)
    i.TIM2_IRQHandler                        0x08001768   Section        0  gsm_base.o(i.TIM2_IRQHandler)
    i.TIM_ClearITPendingBit                  0x0800180c   Section        0  stm32f10x_tim.o(i.TIM_ClearITPendingBit)
    i.TIM_Cmd                                0x08001812   Section        0  stm32f10x_tim.o(i.TIM_Cmd)
    i.TIM_GetITStatus                        0x0800182a   Section        0  stm32f10x_tim.o(i.TIM_GetITStatus)
    i.TIM_ITConfig                           0x0800184c   Section        0  stm32f10x_tim.o(i.TIM_ITConfig)
    i.TIM_TimeBaseInit                       0x08001860   Section        0  stm32f10x_tim.o(i.TIM_TimeBaseInit)
    i.Timer2_Init_Config                     0x08001904   Section        0  timer.o(i.Timer2_Init_Config)
    i.UART1_SendData                         0x08001960   Section        0  usart.o(i.UART1_SendData)
    i.UART1_SendString                       0x08001990   Section        0  usart.o(i.UART1_SendString)
    i.UART2_SendString                       0x080019bc   Section        0  usart.o(i.UART2_SendString)
    i.USART1_IRQHandler                      0x080019e8   Section        0  usart.o(i.USART1_IRQHandler)
    i.USART1_Init_Config                     0x080019ec   Section        0  usart.o(i.USART1_Init_Config)
    i.USART2_IRQHandler                      0x08001a9c   Section        0  gsm_base.o(i.USART2_IRQHandler)
    i.USART2_Init_Config                     0x08001b0c   Section        0  usart.o(i.USART2_Init_Config)
    i.USART_ClearFlag                        0x08001bc0   Section        0  stm32f10x_usart.o(i.USART_ClearFlag)
    i.USART_ClearITPendingBit                0x08001bd2   Section        0  stm32f10x_usart.o(i.USART_ClearITPendingBit)
    i.USART_Cmd                              0x08001bf0   Section        0  stm32f10x_usart.o(i.USART_Cmd)
    i.USART_DeInit                           0x08001c08   Section        0  stm32f10x_usart.o(i.USART_DeInit)
    i.USART_GetFlagStatus                    0x08001ca4   Section        0  stm32f10x_usart.o(i.USART_GetFlagStatus)
    i.USART_GetITStatus                      0x08001cbe   Section        0  stm32f10x_usart.o(i.USART_GetITStatus)
    i.USART_ITConfig                         0x08001d12   Section        0  stm32f10x_usart.o(i.USART_ITConfig)
    i.USART_Init                             0x08001d5c   Section        0  stm32f10x_usart.o(i.USART_Init)
    i.USART_ReceiveData                      0x08001e34   Section        0  stm32f10x_usart.o(i.USART_ReceiveData)
    i.USART_SendData                         0x08001e3e   Section        0  stm32f10x_usart.o(i.USART_SendData)
    i.UsageFault_Handler                     0x08001e46   Section        0  stm32f10x_it.o(i.UsageFault_Handler)
    i.__0printf                              0x08001e4c   Section        0  printfa.o(i.__0printf)
    i.__0sprintf                             0x08001e6c   Section        0  printfa.o(i.__0sprintf)
    i.__aeabi_errno_addr                     0x08001e94   Section        0  errno.o(i.__aeabi_errno_addr)
    i.__compages_head                        0x08001e9c   Section        0  qdy_interface.o(i.__compages_head)
    i.__crc                                  0x08001f00   Section        0  qdy_interface.o(i.__crc)
    i.__free$realloc                         0x08001f18   Section        0  mallocr.o(i.__free$realloc)
    i.__malloc$realloc                       0x08001f74   Section        0  mallocr.o(i.__malloc$realloc)
    i.__qdy_recv_data                        0x08001fc4   Section        0  qdy_interface.o(i.__qdy_recv_data)
    i.__scatterload_copy                     0x08002044   Section       14  handlers.o(i.__scatterload_copy)
    i.__scatterload_null                     0x08002052   Section        2  handlers.o(i.__scatterload_null)
    i.__scatterload_zeroinit                 0x08002054   Section       14  handlers.o(i.__scatterload_zeroinit)
    i._fp_digits                             0x08002064   Section        0  printfa.o(i._fp_digits)
    _fp_digits                               0x08002065   Thumb Code   334  printfa.o(i._fp_digits)
    i._is_digit                              0x080021c8   Section        0  scanf_fp.o(i._is_digit)
    i._printf_core                           0x080021d8   Section        0  printfa.o(i._printf_core)
    _printf_core                             0x080021d9   Thumb Code  1744  printfa.o(i._printf_core)
    i._printf_post_padding                   0x080028b4   Section        0  printfa.o(i._printf_post_padding)
    _printf_post_padding                     0x080028b5   Thumb Code    36  printfa.o(i._printf_post_padding)
    i._printf_pre_padding                    0x080028d8   Section        0  printfa.o(i._printf_pre_padding)
    _printf_pre_padding                      0x080028d9   Thumb Code    46  printfa.o(i._printf_pre_padding)
    i._sputc                                 0x08002906   Section        0  printfa.o(i._sputc)
    _sputc                                   0x08002907   Thumb Code    10  printfa.o(i._sputc)
    i.add_item_to_array                      0x08002910   Section        0  cjson.o(i.add_item_to_array)
    add_item_to_array                        0x08002911   Thumb Code    46  cjson.o(i.add_item_to_array)
    i.add_item_to_object                     0x0800293e   Section        0  cjson.o(i.add_item_to_object)
    add_item_to_object                       0x0800293f   Thumb Code   118  cjson.o(i.add_item_to_object)
    i.cJSON_AddNumberToObject                0x080029b4   Section        0  cjson.o(i.cJSON_AddNumberToObject)
    i.cJSON_CreateNumber                     0x080029f0   Section        0  cjson.o(i.cJSON_CreateNumber)
    i.cJSON_CreateObject                     0x08002a54   Section        0  cjson.o(i.cJSON_CreateObject)
    i.cJSON_Delete                           0x08002a6c   Section        0  cjson.o(i.cJSON_Delete)
    i.cJSON_New_Item                         0x08002ac4   Section        0  cjson.o(i.cJSON_New_Item)
    cJSON_New_Item                           0x08002ac5   Thumb Code    26  cjson.o(i.cJSON_New_Item)
    i.cJSON_PrintUnformatted                 0x08002ae0   Section        0  cjson.o(i.cJSON_PrintUnformatted)
    i.cJSON_strdup                           0x08002af4   Section        0  cjson.o(i.cJSON_strdup)
    cJSON_strdup                             0x08002af5   Thumb Code    56  cjson.o(i.cJSON_strdup)
    i.cast_away_const                        0x08002b2c   Section        0  cjson.o(i.cast_away_const)
    cast_away_const                          0x08002b2d   Thumb Code     2  cjson.o(i.cast_away_const)
    i.check_head_crc                         0x08002b2e   Section        0  qdy_interface.o(i.check_head_crc)
    i.clean_delay_uart                       0x08002b34   Section        0  gsm_base.o(i.clean_delay_uart)
    i.client_main                            0x08002b48   Section        0  client_demo.o(i.client_main)
    i.compare_double                         0x08002bd0   Section        0  cjson.o(i.compare_double)
    compare_double                           0x08002bd1   Thumb Code    50  cjson.o(i.compare_double)
    i.dump_data                              0x08002c0c   Section        0  qdy_interface.o(i.dump_data)
    i.ensure                                 0x08002c30   Section        0  cjson.o(i.ensure)
    ensure                                   0x08002c31   Thumb Code   186  cjson.o(i.ensure)
    i.esp8266_tcp_recv                       0x08002cea   Section        0  tcp_base.o(i.esp8266_tcp_recv)
    i.esp8266_tcp_send                       0x08002d04   Section        0  tcp_base.o(i.esp8266_tcp_send)
    i.fputc                                  0x08002d14   Section        0  usart.o(i.fputc)
    i.fputs                                  0x08002d38   Section        0  fputs.o(i.fputs)
    i.get_decimal_point                      0x08002d50   Section        0  cjson.o(i.get_decimal_point)
    get_decimal_point                        0x08002d51   Thumb Code     4  cjson.o(i.get_decimal_point)
    i.get_humidity                           0x08002d54   Section        0  client_demo.o(i.get_humidity)
    i.get_temperature                        0x08002d98   Section        0  client_demo.o(i.get_temperature)
    i.gsm_base_send                          0x08002ddc   Section        0  gsm_base.o(i.gsm_base_send)
    i.hexdump                                0x08002df0   Section        0  qdy_interface.o(i.hexdump)
    i.internal_alloc                         0x08002df4   Section        0  mallocr.o(i.internal_alloc)
    internal_alloc                           0x08002df5   Thumb Code    76  mallocr.o(i.internal_alloc)
    i.login                                  0x08002e44   Section        0  client_demo.o(i.login)
    i.main                                   0x08002f40   Section        0  main.o(i.main)
    i.my_send                                0x080030a4   Section        0  client_demo.o(i.my_send)
    i.perror                                 0x080030b8   Section        0  perror.o(i.perror)
    i.print                                  0x080030f8   Section        0  cjson.o(i.print)
    print                                    0x080030f9   Thumb Code   178  cjson.o(i.print)
    i.print_array                            0x080031aa   Section        0  cjson.o(i.print_array)
    print_array                              0x080031ab   Thumb Code   178  cjson.o(i.print_array)
    i.print_number                           0x0800325c   Section        0  cjson.o(i.print_number)
    print_number                             0x0800325d   Thumb Code   228  cjson.o(i.print_number)
    i.print_object                           0x0800335c   Section        0  cjson.o(i.print_object)
    print_object                             0x0800335d   Thumb Code   372  cjson.o(i.print_object)
    i.print_string                           0x080034d0   Section        0  cjson.o(i.print_string)
    print_string                             0x080034d1   Thumb Code    16  cjson.o(i.print_string)
    i.print_string_ptr                       0x080034e0   Section        0  cjson.o(i.print_string_ptr)
    print_string_ptr                         0x080034e1   Thumb Code   360  cjson.o(i.print_string_ptr)
    i.print_value                            0x08003654   Section        0  cjson.o(i.print_value)
    print_value                              0x08003655   Thumb Code   236  cjson.o(i.print_value)
    i.qdy_recv_data                          0x08003758   Section        0  qdy_interface.o(i.qdy_recv_data)
    i.qdy_resolve_recv_data                  0x080037b0   Section        0  qdy_aff.o(i.qdy_resolve_recv_data)
    i.qdy_send_data                          0x08003834   Section        0  qdy_interface.o(i.qdy_send_data)
    i.qdy_send_json_data                     0x080038d0   Section        0  qdy_interface.o(i.qdy_send_json_data)
    i.qdy_sync_server                        0x0800396c   Section        0  qdy_interface.o(i.qdy_sync_server)
    i.qdy_upload                             0x080039ac   Section        0  client_demo.o(i.qdy_upload)
    i.realloc                                0x08003a28   Section        0  mallocr.o(i.realloc)
    i.recv_gsm_data                          0x08003a94   Section        0  gsm_base.o(i.recv_gsm_data)
    i.set_customer                           0x08003afc   Section        0  qdy_interface.o(i.set_customer)
    i.set_name                               0x08003b38   Section        0  qdy_interface.o(i.set_name)
    i.set_net_send                           0x08003b70   Section        0  qdy_interface.o(i.set_net_send)
    i.suffix_object                          0x08003b7c   Section        0  cjson.o(i.suffix_object)
    suffix_object                            0x08003b7d   Thumb Code     6  cjson.o(i.suffix_object)
    i.uart_send_data                         0x08003b84   Section        0  gsm_code.o(i.uart_send_data)
    i.update_head                            0x08003bb8   Section        0  qdy_interface.o(i.update_head)
    i.update_offset                          0x08003bcc   Section        0  cjson.o(i.update_offset)
    update_offset                            0x08003bcd   Thumb Code    36  cjson.o(i.update_offset)
    .constdata                               0x08003bf0   Section       64  ctype_c.o(.constdata)
    .conststring                             0x08003c30   Section        6  client_demo.o(.conststring)
    .data                                    0x20000000   Section        4  main.o(.data)
    .data                                    0x20000004   Section       20  stm32f10x_rcc.o(.data)
    APBAHBPrescTable                         0x20000004   Data          16  stm32f10x_rcc.o(.data)
    ADCPrescTable                            0x20000014   Data           4  stm32f10x_rcc.o(.data)
    .data                                    0x20000018   Section       20  system_stm32f10x.o(.data)
    .data                                    0x2000002c   Section        8  usart.o(.data)
    .data                                    0x20000034   Section       21  gsm_base.o(.data)
    flag                                     0x20000048   Data           1  gsm_base.o(.data)
    .data                                    0x2000004c   Section        4  systick.o(.data)
    SysTickDelayTime                         0x2000004c   Data           4  systick.o(.data)
    .data                                    0x20000050   Section       12  client_demo.o(.data)
    flg                                      0x20000054   Data           4  client_demo.o(.data)
    flg                                      0x20000058   Data           4  client_demo.o(.data)
    .data                                    0x2000005c   Section       12  qdy_interface.o(.data)
    .data                                    0x20000068   Section       20  cjson.o(.data)
    global_error                             0x20000068   Data           8  cjson.o(.data)
    global_hooks                             0x20000070   Data          12  cjson.o(.data)
    .data                                    0x2000007c   Section        4  stderr.o(.data)
    .data                                    0x20000080   Section        4  mvars.o(.data)
    .data                                    0x20000084   Section        4  mvars.o(.data)
    .data                                    0x20000088   Section        4  errno.o(.data)
    _errno                                   0x20000088   Data           4  errno.o(.data)
    .bss                                     0x2000008c   Section     2000  main.o(.bss)
    .bss                                     0x2000085c   Section     2000  gsm_base.o(.bss)
    .bss                                     0x2000102c   Section     1024  client_demo.o(.bss)
    .bss                                     0x2000142c   Section       40  qdy_interface.o(.bss)
    HEAP                                     0x20001458   Section     3072  startup_stm32f10x_hd.o(HEAP)
    STACK                                    0x20002058   Section     1024  startup_stm32f10x_hd.o(STACK)

    Global Symbols

    Symbol Name                              Value     Ov Type        Size  Object(Section)

    BuildAttributes$$THM_ISAv4$P$D$K$B$S$PE$A:L22UL41UL21$X:L11$S22US41US21$IEEE1$IW$USESV6$~STKCKD$USESV7$~SHL$OTIME$ROPI$IEEEJ$EBA8$MICROLIB$REQ8$PRES8$EABIv2 0x00000000   Number         0  anon$$obj.o ABSOLUTE
    __ARM_use_no_argv                        0x00000000   Number         0  main.o ABSOLUTE
    __use_no_errno                           0x00000000   Number         0  useno.o ABSOLUTE
    __use_no_exception_handling              0x00000000   Number         0  useno.o ABSOLUTE
    __use_no_fp                              0x00000000   Number         0  useno.o ABSOLUTE
    __use_no_heap                            0x00000000   Number         0  useno.o ABSOLUTE
    __use_no_heap_region                     0x00000000   Number         0  useno.o ABSOLUTE
    __use_no_semihosting                     0x00000000   Number         0  useno.o ABSOLUTE
    __use_no_semihosting_swi                 0x00000000   Number         0  useno.o ABSOLUTE
    __use_no_signal_handling                 0x00000000   Number         0  useno.o ABSOLUTE
    _printf_a                                0x00000000   Number         0  stubs.o ABSOLUTE
    _printf_c                                0x00000000   Number         0  stubs.o ABSOLUTE
    _printf_charcount                        0x00000000   Number         0  stubs.o ABSOLUTE
    _printf_d                                0x00000000   Number         0  stubs.o ABSOLUTE
    _printf_e                                0x00000000   Number         0  stubs.o ABSOLUTE
    _printf_f                                0x00000000   Number         0  stubs.o ABSOLUTE
    _printf_flags                            0x00000000   Number         0  stubs.o ABSOLUTE
    _printf_fp_dec                           0x00000000   Number         0  stubs.o ABSOLUTE
    _printf_fp_hex                           0x00000000   Number         0  stubs.o ABSOLUTE
    _printf_g                                0x00000000   Number         0  stubs.o ABSOLUTE
    _printf_i                                0x00000000   Number         0  stubs.o ABSOLUTE
    _printf_int_dec                          0x00000000   Number         0  stubs.o ABSOLUTE
    _printf_l                                0x00000000   Number         0  stubs.o ABSOLUTE
    _printf_lc                               0x00000000   Number         0  stubs.o ABSOLUTE
    _printf_ll                               0x00000000   Number         0  stubs.o ABSOLUTE
    _printf_lld                              0x00000000   Number         0  stubs.o ABSOLUTE
    _printf_lli                              0x00000000   Number         0  stubs.o ABSOLUTE
    _printf_llo                              0x00000000   Number         0  stubs.o ABSOLUTE
    _printf_llu                              0x00000000   Number         0  stubs.o ABSOLUTE
    _printf_llx                              0x00000000   Number         0  stubs.o ABSOLUTE
    _printf_longlong_dec                     0x00000000   Number         0  stubs.o ABSOLUTE
    _printf_longlong_hex                     0x00000000   Number         0  stubs.o ABSOLUTE
    _printf_longlong_oct                     0x00000000   Number         0  stubs.o ABSOLUTE
    _printf_ls                               0x00000000   Number         0  stubs.o ABSOLUTE
    _printf_mbtowc                           0x00000000   Number         0  stubs.o ABSOLUTE
    _printf_n                                0x00000000   Number         0  stubs.o ABSOLUTE
    _printf_o                                0x00000000   Number         0  stubs.o ABSOLUTE
    _printf_p                                0x00000000   Number         0  stubs.o ABSOLUTE
    _printf_percent                          0x00000000   Number         0  stubs.o ABSOLUTE
    _printf_pre_padding                      0x00000000   Number         0  stubs.o ABSOLUTE
    _printf_return_value                     0x00000000   Number         0  stubs.o ABSOLUTE
    _printf_s                                0x00000000   Number         0  stubs.o ABSOLUTE
    _printf_sizespec                         0x00000000   Number         0  stubs.o ABSOLUTE
    _printf_str                              0x00000000   Number         0  stubs.o ABSOLUTE
    _printf_truncate_signed                  0x00000000   Number         0  stubs.o ABSOLUTE
    _printf_truncate_unsigned                0x00000000   Number         0  stubs.o ABSOLUTE
    _printf_u                                0x00000000   Number         0  stubs.o ABSOLUTE
    _printf_wc                               0x00000000   Number         0  stubs.o ABSOLUTE
    _printf_wctomb                           0x00000000   Number         0  stubs.o ABSOLUTE
    _printf_widthprec                        0x00000000   Number         0  stubs.o ABSOLUTE
    _printf_x                                0x00000000   Number         0  stubs.o ABSOLUTE
    __cpp_initialize__aeabi_                  - Undefined Weak Reference
    __cxa_finalize                            - Undefined Weak Reference
    __decompress                              - Undefined Weak Reference
    _clock_init                               - Undefined Weak Reference
    _microlib_exit                            - Undefined Weak Reference
    _scanf_int                                - Undefined Weak Reference
    _scanf_longlong                           - Undefined Weak Reference
    _scanf_string                             - Undefined Weak Reference
    __Vectors_Size                           0x00000130   Number         0  startup_stm32f10x_hd.o ABSOLUTE
    __Vectors                                0x08000000   Data           4  startup_stm32f10x_hd.o(RESET)
    __Vectors_End                            0x08000130   Data           0  startup_stm32f10x_hd.o(RESET)
    __main                                   0x08000131   Thumb Code     0  entry.o(.ARM.Collect$$$$00000000)
    _main_stk                                0x08000131   Thumb Code     0  entry2.o(.ARM.Collect$$$$00000001)
    _main_scatterload                        0x08000135   Thumb Code     0  entry5.o(.ARM.Collect$$$$00000004)
    __main_after_scatterload                 0x08000139   Thumb Code     0  entry5.o(.ARM.Collect$$$$00000004)
    _main_clock                              0x08000139   Thumb Code     0  entry7b.o(.ARM.Collect$$$$00000008)
    _main_cpp_init                           0x08000139   Thumb Code     0  entry8b.o(.ARM.Collect$$$$0000000A)
    _main_init                               0x08000139   Thumb Code     0  entry9a.o(.ARM.Collect$$$$0000000B)
    __rt_final_cpp                           0x08000141   Thumb Code     0  entry10a.o(.ARM.Collect$$$$0000000D)
    __rt_final_exit                          0x08000141   Thumb Code     0  entry11a.o(.ARM.Collect$$$$0000000F)
    Reset_Handler                            0x08000145   Thumb Code     8  startup_stm32f10x_hd.o(.text)
    ADC1_2_IRQHandler                        0x0800015f   Thumb Code     0  startup_stm32f10x_hd.o(.text)
    ADC3_IRQHandler                          0x0800015f   Thumb Code     0  startup_stm32f10x_hd.o(.text)
    CAN1_RX1_IRQHandler                      0x0800015f   Thumb Code     0  startup_stm32f10x_hd.o(.text)
    CAN1_SCE_IRQHandler                      0x0800015f   Thumb Code     0  startup_stm32f10x_hd.o(.text)
    DMA1_Channel1_IRQHandler                 0x0800015f   Thumb Code     0  startup_stm32f10x_hd.o(.text)
    DMA1_Channel2_IRQHandler                 0x0800015f   Thumb Code     0  startup_stm32f10x_hd.o(.text)
    DMA1_Channel3_IRQHandler                 0x0800015f   Thumb Code     0  startup_stm32f10x_hd.o(.text)
    DMA1_Channel4_IRQHandler                 0x0800015f   Thumb Code     0  startup_stm32f10x_hd.o(.text)
    DMA1_Channel5_IRQHandler                 0x0800015f   Thumb Code     0  startup_stm32f10x_hd.o(.text)
    DMA1_Channel6_IRQHandler                 0x0800015f   Thumb Code     0  startup_stm32f10x_hd.o(.text)
    DMA1_Channel7_IRQHandler                 0x0800015f   Thumb Code     0  startup_stm32f10x_hd.o(.text)
    DMA2_Channel1_IRQHandler                 0x0800015f   Thumb Code     0  startup_stm32f10x_hd.o(.text)
    DMA2_Channel2_IRQHandler                 0x0800015f   Thumb Code     0  startup_stm32f10x_hd.o(.text)
    DMA2_Channel3_IRQHandler                 0x0800015f   Thumb Code     0  startup_stm32f10x_hd.o(.text)
    DMA2_Channel4_5_IRQHandler               0x0800015f   Thumb Code     0  startup_stm32f10x_hd.o(.text)
    EXTI0_IRQHandler                         0x0800015f   Thumb Code     0  startup_stm32f10x_hd.o(.text)
    EXTI15_10_IRQHandler                     0x0800015f   Thumb Code     0  startup_stm32f10x_hd.o(.text)
    EXTI1_IRQHandler                         0x0800015f   Thumb Code     0  startup_stm32f10x_hd.o(.text)
    EXTI2_IRQHandler                         0x0800015f   Thumb Code     0  startup_stm32f10x_hd.o(.text)
    EXTI3_IRQHandler                         0x0800015f   Thumb Code     0  startup_stm32f10x_hd.o(.text)
    EXTI4_IRQHandler                         0x0800015f   Thumb Code     0  startup_stm32f10x_hd.o(.text)
    EXTI9_5_IRQHandler                       0x0800015f   Thumb Code     0  startup_stm32f10x_hd.o(.text)
    FLASH_IRQHandler                         0x0800015f   Thumb Code     0  startup_stm32f10x_hd.o(.text)
    FSMC_IRQHandler                          0x0800015f   Thumb Code     0  startup_stm32f10x_hd.o(.text)
    I2C1_ER_IRQHandler                       0x0800015f   Thumb Code     0  startup_stm32f10x_hd.o(.text)
    I2C1_EV_IRQHandler                       0x0800015f   Thumb Code     0  startup_stm32f10x_hd.o(.text)
    I2C2_ER_IRQHandler                       0x0800015f   Thumb Code     0  startup_stm32f10x_hd.o(.text)
    I2C2_EV_IRQHandler                       0x0800015f   Thumb Code     0  startup_stm32f10x_hd.o(.text)
    PVD_IRQHandler                           0x0800015f   Thumb Code     0  startup_stm32f10x_hd.o(.text)
    RCC_IRQHandler                           0x0800015f   Thumb Code     0  startup_stm32f10x_hd.o(.text)
    RTCAlarm_IRQHandler                      0x0800015f   Thumb Code     0  startup_stm32f10x_hd.o(.text)
    RTC_IRQHandler                           0x0800015f   Thumb Code     0  startup_stm32f10x_hd.o(.text)
    SDIO_IRQHandler                          0x0800015f   Thumb Code     0  startup_stm32f10x_hd.o(.text)
    SPI1_IRQHandler                          0x0800015f   Thumb Code     0  startup_stm32f10x_hd.o(.text)
    SPI2_IRQHandler                          0x0800015f   Thumb Code     0  startup_stm32f10x_hd.o(.text)
    SPI3_IRQHandler                          0x0800015f   Thumb Code     0  startup_stm32f10x_hd.o(.text)
    TAMPER_IRQHandler                        0x0800015f   Thumb Code     0  startup_stm32f10x_hd.o(.text)
    TIM1_BRK_IRQHandler                      0x0800015f   Thumb Code     0  startup_stm32f10x_hd.o(.text)
    TIM1_CC_IRQHandler                       0x0800015f   Thumb Code     0  startup_stm32f10x_hd.o(.text)
    TIM1_TRG_COM_IRQHandler                  0x0800015f   Thumb Code     0  startup_stm32f10x_hd.o(.text)
    TIM1_UP_IRQHandler                       0x0800015f   Thumb Code     0  startup_stm32f10x_hd.o(.text)
    TIM3_IRQHandler                          0x0800015f   Thumb Code     0  startup_stm32f10x_hd.o(.text)
    TIM4_IRQHandler                          0x0800015f   Thumb Code     0  startup_stm32f10x_hd.o(.text)
    TIM5_IRQHandler                          0x0800015f   Thumb Code     0  startup_stm32f10x_hd.o(.text)
    TIM6_IRQHandler                          0x0800015f   Thumb Code     0  startup_stm32f10x_hd.o(.text)
    TIM7_IRQHandler                          0x0800015f   Thumb Code     0  startup_stm32f10x_hd.o(.text)
    TIM8_BRK_IRQHandler                      0x0800015f   Thumb Code     0  startup_stm32f10x_hd.o(.text)
    TIM8_CC_IRQHandler                       0x0800015f   Thumb Code     0  startup_stm32f10x_hd.o(.text)
    TIM8_TRG_COM_IRQHandler                  0x0800015f   Thumb Code     0  startup_stm32f10x_hd.o(.text)
    TIM8_UP_IRQHandler                       0x0800015f   Thumb Code     0  startup_stm32f10x_hd.o(.text)
    UART4_IRQHandler                         0x0800015f   Thumb Code     0  startup_stm32f10x_hd.o(.text)
    UART5_IRQHandler                         0x0800015f   Thumb Code     0  startup_stm32f10x_hd.o(.text)
    USART3_IRQHandler                        0x0800015f   Thumb Code     0  startup_stm32f10x_hd.o(.text)
    USBWakeUp_IRQHandler                     0x0800015f   Thumb Code     0  startup_stm32f10x_hd.o(.text)
    USB_HP_CAN1_TX_IRQHandler                0x0800015f   Thumb Code     0  startup_stm32f10x_hd.o(.text)
    USB_LP_CAN1_RX0_IRQHandler               0x0800015f   Thumb Code     0  startup_stm32f10x_hd.o(.text)
    WWDG_IRQHandler                          0x0800015f   Thumb Code     0  startup_stm32f10x_hd.o(.text)
    __aeabi_memcpy                           0x08000169   Thumb Code    36  memcpya.o(.text)
    __aeabi_memcpy4                          0x08000169   Thumb Code     0  memcpya.o(.text)
    __aeabi_memcpy8                          0x08000169   Thumb Code     0  memcpya.o(.text)
    __aeabi_memset                           0x0800018d   Thumb Code    14  memseta.o(.text)
    __aeabi_memset4                          0x0800018d   Thumb Code     0  memseta.o(.text)
    __aeabi_memset8                          0x0800018d   Thumb Code     0  memseta.o(.text)
    __aeabi_memclr                           0x0800019b   Thumb Code     4  memseta.o(.text)
    __aeabi_memclr4                          0x0800019b   Thumb Code     0  memseta.o(.text)
    __aeabi_memclr8                          0x0800019b   Thumb Code     0  memseta.o(.text)
    _memset$wrapper                          0x0800019f   Thumb Code    18  memseta.o(.text)
    strstr                                   0x080001b1   Thumb Code    36  strstr.o(.text)
    strlen                                   0x080001d5   Thumb Code    14  strlen.o(.text)
    strcpy                                   0x080001e3   Thumb Code    18  strcpy.o(.text)
    __0sscanf                                0x080001f5   Thumb Code    48  __0sscanf.o(.text)
    _scanf_real                              0x0800032d   Thumb Code     0  scanf_fp.o(.text)
    _scanf_really_real                       0x0800032d   Thumb Code   556  scanf_fp.o(.text)
    __aeabi_dadd                             0x08000565   Thumb Code   322  dadd.o(.text)
    __aeabi_dsub                             0x080006a7   Thumb Code     6  dadd.o(.text)
    __aeabi_drsub                            0x080006ad   Thumb Code     6  dadd.o(.text)
    __aeabi_dmul                             0x080006b3   Thumb Code   228  dmul.o(.text)
    __aeabi_d2iz                             0x08000797   Thumb Code    62  dfixi.o(.text)
    __aeabi_f2d                              0x080007d5   Thumb Code    38  f2d.o(.text)
    __aeabi_cdcmpeq                          0x080007fd   Thumb Code     0  cdcmple.o(.text)
    __aeabi_cdcmple                          0x080007fd   Thumb Code    48  cdcmple.o(.text)
    __aeabi_cdrcmple                         0x0800082d   Thumb Code    48  cdrcmple.o(.text)
    __aeabi_d2f                              0x0800085d   Thumb Code    56  d2f.o(.text)
    __aeabi_uidiv                            0x08000895   Thumb Code     0  uidiv.o(.text)
    __aeabi_uidivmod                         0x08000895   Thumb Code    44  uidiv.o(.text)
    __aeabi_uldivmod                         0x080008c1   Thumb Code    98  uldiv.o(.text)
    __aeabi_llsl                             0x08000923   Thumb Code    30  llshl.o(.text)
    _ll_shift_l                              0x08000923   Thumb Code     0  llshl.o(.text)
    __aeabi_llsr                             0x08000941   Thumb Code    32  llushr.o(.text)
    _ll_ushift_r                             0x08000941   Thumb Code     0  llushr.o(.text)
    __aeabi_lasr                             0x08000961   Thumb Code    36  llsshr.o(.text)
    _ll_sshift_r                             0x08000961   Thumb Code     0  llsshr.o(.text)
    strerror                                 0x08000985   Thumb Code    40  strerror.o(.text)
    __vfscanf_char                           0x08000a75   Thumb Code    20  scanf_char.o(.text)
    _sgetc                                   0x08000a91   Thumb Code    30  _sgetc.o(.text)
    _sbackspace                              0x08000aaf   Thumb Code    34  _sgetc.o(.text)
    __I$use$fp                               0x08000ad1   Thumb Code     0  iusefp.o(.text)
    _float_round                             0x08000ad1   Thumb Code    18  fepilogue.o(.text)
    _float_epilogue                          0x08000ae3   Thumb Code    92  fepilogue.o(.text)
    _double_round                            0x08000b3f   Thumb Code    30  depilogue.o(.text)
    _double_epilogue                         0x08000b5d   Thumb Code   156  depilogue.o(.text)
    __aeabi_ddiv                             0x08000bf9   Thumb Code   222  ddiv.o(.text)
    __aeabi_ul2d                             0x08000cd7   Thumb Code    24  dfltul.o(.text)
    __aeabi_d2ulz                            0x08000cef   Thumb Code    48  dfixul.o(.text)
    __scatterload                            0x08000d21   Thumb Code    28  init.o(.text)
    __scatterload_rt2                        0x08000d21   Thumb Code     0  init.o(.text)
    isspace                                  0x08000d45   Thumb Code    10  isspace_c.o(.text)
    __vfscanf                                0x08000d51   Thumb Code   808  _scanf.o(.text)
    __ctype_lookup                           0x0800107d   Thumb Code    34  ctype_c.o(.text)
    BusFault_Handler                         0x080010a5   Thumb Code     4  stm32f10x_it.o(i.BusFault_Handler)
    CLR_Buf2                                 0x080010a9   Thumb Code    34  gsm_code.o(i.CLR_Buf2)
    DebugMon_Handler                         0x080010d5   Thumb Code     2  stm32f10x_it.o(i.DebugMon_Handler)
    Delay_nMs                                0x080010d9   Thumb Code    32  systick.o(i.Delay_nMs)
    Delay_nS                                 0x080010fd   Thumb Code    38  systick.o(i.Delay_nS)
    Find                                     0x08001129   Thumb Code    22  gsm_code.o(i.Find)
    GPIO_Init                                0x08001145   Thumb Code   278  stm32f10x_gpio.o(i.GPIO_Init)
    HardFault_Handler                        0x0800125b   Thumb Code     4  stm32f10x_it.o(i.HardFault_Handler)
    MemManage_Handler                        0x0800125f   Thumb Code     4  stm32f10x_it.o(i.MemManage_Handler)
    NMI_Handler                              0x08001263   Thumb Code     2  stm32f10x_it.o(i.NMI_Handler)
    NVIC_Init                                0x08001265   Thumb Code   100  misc.o(i.NVIC_Init)
    PendSV_Handler                           0x080012d5   Thumb Code     2  stm32f10x_it.o(i.PendSV_Handler)
    RCC_APB1PeriphClockCmd                   0x080012d9   Thumb Code    26  stm32f10x_rcc.o(i.RCC_APB1PeriphClockCmd)
    RCC_APB1PeriphResetCmd                   0x080012f9   Thumb Code    26  stm32f10x_rcc.o(i.RCC_APB1PeriphResetCmd)
    RCC_APB2PeriphClockCmd                   0x08001319   Thumb Code    26  stm32f10x_rcc.o(i.RCC_APB2PeriphClockCmd)
    RCC_APB2PeriphResetCmd                   0x08001339   Thumb Code    26  stm32f10x_rcc.o(i.RCC_APB2PeriphResetCmd)
    RCC_GetClocksFreq                        0x08001359   Thumb Code   192  stm32f10x_rcc.o(i.RCC_GetClocksFreq)
    SVC_Handler                              0x0800142d   Thumb Code     2  stm32f10x_it.o(i.SVC_Handler)
    Second_AT_Command                        0x08001431   Thumb Code   128  gsm_code.o(i.Second_AT_Command)
    Second_AT_Command_Recv                   0x080014cd   Thumb Code   132  gsm_code.o(i.Second_AT_Command_Recv)
    Set_ATE0                                 0x08001655   Thumb Code    14  gsm_code.o(i.Set_ATE0)
    SysTickDelayTime_Counter                 0x08001671   Thumb Code    18  systick.o(i.SysTickDelayTime_Counter)
    SysTick_Handler                          0x08001689   Thumb Code     8  stm32f10x_it.o(i.SysTick_Handler)
    SysTick_Init_Config                      0x08001691   Thumb Code   108  systick.o(i.SysTick_Init_Config)
    SystemInit                               0x08001709   Thumb Code    78  system_stm32f10x.o(i.SystemInit)
    TIM2_IRQHandler                          0x08001769   Thumb Code   132  gsm_base.o(i.TIM2_IRQHandler)
    TIM_ClearITPendingBit                    0x0800180d   Thumb Code     6  stm32f10x_tim.o(i.TIM_ClearITPendingBit)
    TIM_Cmd                                  0x08001813   Thumb Code    24  stm32f10x_tim.o(i.TIM_Cmd)
    TIM_GetITStatus                          0x0800182b   Thumb Code    34  stm32f10x_tim.o(i.TIM_GetITStatus)
    TIM_ITConfig                             0x0800184d   Thumb Code    18  stm32f10x_tim.o(i.TIM_ITConfig)
    TIM_TimeBaseInit                         0x08001861   Thumb Code   122  stm32f10x_tim.o(i.TIM_TimeBaseInit)
    Timer2_Init_Config                       0x08001905   Thumb Code    92  timer.o(i.Timer2_Init_Config)
    UART1_SendData                           0x08001961   Thumb Code    42  usart.o(i.UART1_SendData)
    UART1_SendString                         0x08001991   Thumb Code    38  usart.o(i.UART1_SendString)
    UART2_SendString                         0x080019bd   Thumb Code    38  usart.o(i.UART2_SendString)
    USART1_IRQHandler                        0x080019e9   Thumb Code     2  usart.o(i.USART1_IRQHandler)
    USART1_Init_Config                       0x080019ed   Thumb Code   166  usart.o(i.USART1_Init_Config)
    USART2_IRQHandler                        0x08001a9d   Thumb Code    90  gsm_base.o(i.USART2_IRQHandler)
    USART2_Init_Config                       0x08001b0d   Thumb Code   170  usart.o(i.USART2_Init_Config)
    USART_ClearFlag                          0x08001bc1   Thumb Code    18  stm32f10x_usart.o(i.USART_ClearFlag)
    USART_ClearITPendingBit                  0x08001bd3   Thumb Code    30  stm32f10x_usart.o(i.USART_ClearITPendingBit)
    USART_Cmd                                0x08001bf1   Thumb Code    24  stm32f10x_usart.o(i.USART_Cmd)
    USART_DeInit                             0x08001c09   Thumb Code   134  stm32f10x_usart.o(i.USART_DeInit)
    USART_GetFlagStatus                      0x08001ca5   Thumb Code    26  stm32f10x_usart.o(i.USART_GetFlagStatus)
    USART_GetITStatus                        0x08001cbf   Thumb Code    84  stm32f10x_usart.o(i.USART_GetITStatus)
    USART_ITConfig                           0x08001d13   Thumb Code    74  stm32f10x_usart.o(i.USART_ITConfig)
    USART_Init                               0x08001d5d   Thumb Code   210  stm32f10x_usart.o(i.USART_Init)
    USART_ReceiveData                        0x08001e35   Thumb Code    10  stm32f10x_usart.o(i.USART_ReceiveData)
    USART_SendData                           0x08001e3f   Thumb Code     8  stm32f10x_usart.o(i.USART_SendData)
    UsageFault_Handler                       0x08001e47   Thumb Code     4  stm32f10x_it.o(i.UsageFault_Handler)
    __0printf                                0x08001e4d   Thumb Code    22  printfa.o(i.__0printf)
    __1printf                                0x08001e4d   Thumb Code     0  printfa.o(i.__0printf)
    __2printf                                0x08001e4d   Thumb Code     0  printfa.o(i.__0printf)
    __c89printf                              0x08001e4d   Thumb Code     0  printfa.o(i.__0printf)
    printf                                   0x08001e4d   Thumb Code     0  printfa.o(i.__0printf)
    __0sprintf                               0x08001e6d   Thumb Code    34  printfa.o(i.__0sprintf)
    __1sprintf                               0x08001e6d   Thumb Code     0  printfa.o(i.__0sprintf)
    __2sprintf                               0x08001e6d   Thumb Code     0  printfa.o(i.__0sprintf)
    __c89sprintf                             0x08001e6d   Thumb Code     0  printfa.o(i.__0sprintf)
    sprintf                                  0x08001e6d   Thumb Code     0  printfa.o(i.__0sprintf)
    __aeabi_errno_addr                       0x08001e95   Thumb Code     4  errno.o(i.__aeabi_errno_addr)
    __rt_errno_addr                          0x08001e95   Thumb Code     0  errno.o(i.__aeabi_errno_addr)
    __compages_head                          0x08001e9d   Thumb Code    94  qdy_interface.o(i.__compages_head)
    __crc                                    0x08001f01   Thumb Code    24  qdy_interface.o(i.__crc)
    free                                     0x08001f19   Thumb Code    88  mallocr.o(i.__free$realloc)
    malloc                                   0x08001f75   Thumb Code    64  mallocr.o(i.__malloc$realloc)
    __qdy_recv_data                          0x08001fc5   Thumb Code   120  qdy_interface.o(i.__qdy_recv_data)
    __scatterload_copy                       0x08002045   Thumb Code    14  handlers.o(i.__scatterload_copy)
    __scatterload_null                       0x08002053   Thumb Code     2  handlers.o(i.__scatterload_null)
    __scatterload_zeroinit                   0x08002055   Thumb Code    14  handlers.o(i.__scatterload_zeroinit)
    _is_digit                                0x080021c9   Thumb Code    14  scanf_fp.o(i._is_digit)
    cJSON_AddNumberToObject                  0x080029b5   Thumb Code    56  cjson.o(i.cJSON_AddNumberToObject)
    cJSON_CreateNumber                       0x080029f1   Thumb Code    82  cjson.o(i.cJSON_CreateNumber)
    cJSON_CreateObject                       0x08002a55   Thumb Code    20  cjson.o(i.cJSON_CreateObject)
    cJSON_Delete                             0x08002a6d   Thumb Code    84  cjson.o(i.cJSON_Delete)
    cJSON_PrintUnformatted                   0x08002ae1   Thumb Code    16  cjson.o(i.cJSON_PrintUnformatted)
    check_head_crc                           0x08002b2f   Thumb Code     6  qdy_interface.o(i.check_head_crc)
    clean_delay_uart                         0x08002b35   Thumb Code    12  gsm_base.o(i.clean_delay_uart)
    client_main                              0x08002b49   Thumb Code    94  client_demo.o(i.client_main)
    dump_data                                0x08002c0d   Thumb Code    20  qdy_interface.o(i.dump_data)
    esp8266_tcp_recv                         0x08002ceb   Thumb Code    26  tcp_base.o(i.esp8266_tcp_recv)
    esp8266_tcp_send                         0x08002d05   Thumb Code    16  tcp_base.o(i.esp8266_tcp_send)
    fputc                                    0x08002d15   Thumb Code    32  usart.o(i.fputc)
    fputs                                    0x08002d39   Thumb Code    24  fputs.o(i.fputs)
    get_humidity                             0x08002d55   Thumb Code    52  client_demo.o(i.get_humidity)
    get_temperature                          0x08002d99   Thumb Code    54  client_demo.o(i.get_temperature)
    gsm_base_send                            0x08002ddd   Thumb Code    14  gsm_base.o(i.gsm_base_send)
    hexdump                                  0x08002df1   Thumb Code     2  qdy_interface.o(i.hexdump)
    login                                    0x08002e45   Thumb Code   138  client_demo.o(i.login)
    main                                     0x08002f41   Thumb Code   148  main.o(i.main)
    my_send                                  0x080030a5   Thumb Code    18  client_demo.o(i.my_send)
    perror                                   0x080030b9   Thumb Code    50  perror.o(i.perror)
    qdy_recv_data                            0x08003759   Thumb Code    66  qdy_interface.o(i.qdy_recv_data)
    qdy_resolve_recv_data                    0x080037b1   Thumb Code    70  qdy_aff.o(i.qdy_resolve_recv_data)
    qdy_send_data                            0x08003835   Thumb Code   140  qdy_interface.o(i.qdy_send_data)
    qdy_send_json_data                       0x080038d1   Thumb Code   140  qdy_interface.o(i.qdy_send_json_data)
    qdy_sync_server                          0x0800396d   Thumb Code    46  qdy_interface.o(i.qdy_sync_server)
    qdy_upload                               0x080039ad   Thumb Code    88  client_demo.o(i.qdy_upload)
    realloc                                  0x08003a29   Thumb Code   102  mallocr.o(i.realloc)
    recv_gsm_data                            0x08003a95   Thumb Code    70  gsm_base.o(i.recv_gsm_data)
    set_customer                             0x08003afd   Thumb Code    36  qdy_interface.o(i.set_customer)
    set_name                                 0x08003b39   Thumb Code    36  qdy_interface.o(i.set_name)
    set_net_send                             0x08003b71   Thumb Code     6  qdy_interface.o(i.set_net_send)
    uart_send_data                           0x08003b85   Thumb Code    46  gsm_code.o(i.uart_send_data)
    update_head                              0x08003bb9   Thumb Code    20  qdy_interface.o(i.update_head)
    __ctype_categories                       0x08003bf0   Data          64  ctype_c.o(.constdata)
    Region$$Table$$Base                      0x08003c38   Number         0  anon$$obj.o(Region$$Table)
    Region$$Table$$Limit                     0x08003c58   Number         0  anon$$obj.o(Region$$Table)
    ret                                      0x20000000   Data           4  main.o(.data)
    SystemCoreClock                          0x20000018   Data           4  system_stm32f10x.o(.data)
    AHBPrescTable                            0x2000001c   Data          16  system_stm32f10x.o(.data)
    Usart1_R_State                           0x2000002c   Data           1  usart.o(.data)
    Usart1_R_Count                           0x2000002e   Data           2  usart.o(.data)
    __stdout                                 0x20000030   Data           4  usart.o(.data)
    First_Int                                0x20000034   Data           4  gsm_base.o(.data)
    Times                                    0x20000038   Data           1  gsm_base.o(.data)
    shijian                                  0x20000039   Data           1  gsm_base.o(.data)
    Heartbeat                                0x2000003a   Data           2  gsm_base.o(.data)
    Timer0_start                             0x2000003c   Data           1  gsm_base.o(.data)
    Uart2_Start                              0x2000003d   Data           1  gsm_base.o(.data)
    Uart2_End                                0x2000003e   Data           1  gsm_base.o(.data)
    Heart_beat                               0x2000003f   Data           1  gsm_base.o(.data)
    __delay_uart                             0x20000040   Data           4  gsm_base.o(.data)
    _gsm_data_flg                            0x20000044   Data           1  gsm_base.o(.data)
    Heartbeat_time                           0x20000046   Data           2  gsm_base.o(.data)
    device_id                                0x20000050   Data           4  client_demo.o(.data)
    net_send                                 0x2000005c   Data           4  qdy_interface.o(.data)
    passwd                                   0x20000060   Data           4  qdy_interface.o(.data)
    key_cnt                                  0x20000064   Data           4  qdy_interface.o(.data)
    __stderr                                 0x2000007c   Data           4  stderr.o(.data)
    __microlib_freelist                      0x20000080   Data           4  mvars.o(.data)
    __microlib_freelist_initialised          0x20000084   Data           4  mvars.o(.data)
    buf                                      0x2000008c   Data        2000  main.o(.bss)
    Uart2_Buf                                0x2000085c   Data        2000  gsm_base.o(.bss)
    recvline                                 0x2000102c   Data        1024  client_demo.o(.bss)
    my_name                                  0x2000142c   Data          20  qdy_interface.o(.bss)
    my_customer                              0x20001440   Data          20  qdy_interface.o(.bss)
    __heap_base                              0x20001458   Data           0  startup_stm32f10x_hd.o(HEAP)
    __heap_limit                             0x20002058   Data           0  startup_stm32f10x_hd.o(HEAP)
    __initial_sp                             0x20002458   Data           0  startup_stm32f10x_hd.o(STACK)



==============================================================================

Memory Map of the image

  Image Entry point : 0x08000131

  Load Region LR_IROM1 (Base: 0x08000000, Size: 0x00003ce4, Max: 0x00010000, ABSOLUTE)

    Execution Region ER_IROM1 (Base: 0x08000000, Size: 0x00003c58, Max: 0x00010000, ABSOLUTE)

    Base Addr    Size         Type   Attr      Idx    E Section Name        Object

    0x08000000   0x00000130   Data   RO         3173    RESET               startup_stm32f10x_hd.o
    0x08000130   0x00000000   Code   RO         4618  * .ARM.Collect$$$$00000000  mc_w.l(entry.o)
    0x08000130   0x00000004   Code   RO         4956    .ARM.Collect$$$$00000001  mc_w.l(entry2.o)
    0x08000134   0x00000004   Code   RO         4959    .ARM.Collect$$$$00000004  mc_w.l(entry5.o)
    0x08000138   0x00000000   Code   RO         4961    .ARM.Collect$$$$00000008  mc_w.l(entry7b.o)
    0x08000138   0x00000000   Code   RO         4963    .ARM.Collect$$$$0000000A  mc_w.l(entry8b.o)
    0x08000138   0x00000008   Code   RO         4964    .ARM.Collect$$$$0000000B  mc_w.l(entry9a.o)
    0x08000140   0x00000000   Code   RO         4966    .ARM.Collect$$$$0000000D  mc_w.l(entry10a.o)
    0x08000140   0x00000000   Code   RO         4968    .ARM.Collect$$$$0000000F  mc_w.l(entry11a.o)
    0x08000140   0x00000004   Code   RO         4957    .ARM.Collect$$$$00002712  mc_w.l(entry2.o)
    0x08000144   0x00000024   Code   RO         3174    .text               startup_stm32f10x_hd.o
    0x08000168   0x00000024   Code   RO         4625    .text               mc_w.l(memcpya.o)
    0x0800018c   0x00000024   Code   RO         4627    .text               mc_w.l(memseta.o)
    0x080001b0   0x00000024   Code   RO         4631    .text               mc_w.l(strstr.o)
    0x080001d4   0x0000000e   Code   RO         4633    .text               mc_w.l(strlen.o)
    0x080001e2   0x00000012   Code   RO         4637    .text               mc_w.l(strcpy.o)
    0x080001f4   0x00000038   Code   RO         4934    .text               mc_w.l(__0sscanf.o)
    0x0800022c   0x00000338   Code   RO         4936    .text               mc_w.l(scanf_fp.o)
    0x08000564   0x0000014e   Code   RO         4940    .text               mf_w.l(dadd.o)
    0x080006b2   0x000000e4   Code   RO         4942    .text               mf_w.l(dmul.o)
    0x08000796   0x0000003e   Code   RO         4946    .text               mf_w.l(dfixi.o)
    0x080007d4   0x00000026   Code   RO         4948    .text               mf_w.l(f2d.o)
    0x080007fa   0x00000002   PAD
    0x080007fc   0x00000030   Code   RO         4950    .text               mf_w.l(cdcmple.o)
    0x0800082c   0x00000030   Code   RO         4952    .text               mf_w.l(cdrcmple.o)
    0x0800085c   0x00000038   Code   RO         4954    .text               mf_w.l(d2f.o)
    0x08000894   0x0000002c   Code   RO         4975    .text               mc_w.l(uidiv.o)
    0x080008c0   0x00000062   Code   RO         4977    .text               mc_w.l(uldiv.o)
    0x08000922   0x0000001e   Code   RO         4979    .text               mc_w.l(llshl.o)
    0x08000940   0x00000020   Code   RO         4981    .text               mc_w.l(llushr.o)
    0x08000960   0x00000024   Code   RO         4983    .text               mc_w.l(llsshr.o)
    0x08000984   0x000000e4   Code   RO         4985    .text               mc_w.l(strerror.o)
    0x08000a68   0x00000028   Code   RO         4996    .text               mc_w.l(scanf_char.o)
    0x08000a90   0x00000040   Code   RO         4998    .text               mc_w.l(_sgetc.o)
    0x08000ad0   0x00000000   Code   RO         5002    .text               mc_w.l(iusefp.o)
    0x08000ad0   0x0000006e   Code   RO         5003    .text               mf_w.l(fepilogue.o)
    0x08000b3e   0x000000ba   Code   RO         5005    .text               mf_w.l(depilogue.o)
    0x08000bf8   0x000000de   Code   RO         5007    .text               mf_w.l(ddiv.o)
    0x08000cd6   0x00000018   Code   RO         5009    .text               mf_w.l(dfltul.o)
    0x08000cee   0x00000030   Code   RO         5011    .text               mf_w.l(dfixul.o)
    0x08000d1e   0x00000002   PAD
    0x08000d20   0x00000024   Code   RO         5013    .text               mc_w.l(init.o)
    0x08000d44   0x0000000a   Code   RO         5015    .text               mc_w.l(isspace_c.o)
    0x08000d4e   0x00000002   PAD
    0x08000d50   0x0000032c   Code   RO         5017    .text               mc_w.l(_scanf.o)
    0x0800107c   0x00000028   Code   RO         5019    .text               mc_w.l(ctype_c.o)
    0x080010a4   0x00000004   Code   RO          130    i.BusFault_Handler  stm32f10x_it.o
    0x080010a8   0x0000002c   Code   RO         3329    i.CLR_Buf2          gsm_code.o
    0x080010d4   0x00000002   Code   RO          131    i.DebugMon_Handler  stm32f10x_it.o
    0x080010d6   0x00000002   PAD
    0x080010d8   0x00000024   Code   RO         3460    i.Delay_nMs         systick.o
    0x080010fc   0x0000002c   Code   RO         3461    i.Delay_nS          systick.o
    0x08001128   0x0000001c   Code   RO         3330    i.Find              gsm_code.o
    0x08001144   0x00000116   Code   RO         1344    i.GPIO_Init         stm32f10x_gpio.o
    0x0800125a   0x00000004   Code   RO          132    i.HardFault_Handler  stm32f10x_it.o
    0x0800125e   0x00000004   Code   RO          133    i.MemManage_Handler  stm32f10x_it.o
    0x08001262   0x00000002   Code   RO          134    i.NMI_Handler       stm32f10x_it.o
    0x08001264   0x00000070   Code   RO          193    i.NVIC_Init         misc.o
    0x080012d4   0x00000002   Code   RO          135    i.PendSV_Handler    stm32f10x_it.o
    0x080012d6   0x00000002   PAD
    0x080012d8   0x00000020   Code   RO         1760    i.RCC_APB1PeriphClockCmd  stm32f10x_rcc.o
    0x080012f8   0x00000020   Code   RO         1761    i.RCC_APB1PeriphResetCmd  stm32f10x_rcc.o
    0x08001318   0x00000020   Code   RO         1762    i.RCC_APB2PeriphClockCmd  stm32f10x_rcc.o
    0x08001338   0x00000020   Code   RO         1763    i.RCC_APB2PeriphResetCmd  stm32f10x_rcc.o
    0x08001358   0x000000d4   Code   RO         1770    i.RCC_GetClocksFreq  stm32f10x_rcc.o
    0x0800142c   0x00000002   Code   RO          136    i.SVC_Handler       stm32f10x_it.o
    0x0800142e   0x00000002   PAD
    0x08001430   0x0000009c   Code   RO         3331    i.Second_AT_Command  gsm_code.o
    0x080014cc   0x000000a0   Code   RO         3332    i.Second_AT_Command_Recv  gsm_code.o
    0x0800156c   0x00000008   Code   RO         3178    i.SetSysClock       system_stm32f10x.o
    0x08001574   0x000000e0   Code   RO         3179    i.SetSysClockTo72   system_stm32f10x.o
    0x08001654   0x0000001c   Code   RO         3335    i.Set_ATE0          gsm_code.o
    0x08001670   0x00000018   Code   RO         3462    i.SysTickDelayTime_Counter  systick.o
    0x08001688   0x00000008   Code   RO          137    i.SysTick_Handler   stm32f10x_it.o
    0x08001690   0x00000078   Code   RO         3463    i.SysTick_Init_Config  systick.o
    0x08001708   0x00000060   Code   RO         3181    i.SystemInit        system_stm32f10x.o
    0x08001768   0x000000a4   Code   RO         3280    i.TIM2_IRQHandler   gsm_base.o
    0x0800180c   0x00000006   Code   RO         2389    i.TIM_ClearITPendingBit  stm32f10x_tim.o
    0x08001812   0x00000018   Code   RO         2394    i.TIM_Cmd           stm32f10x_tim.o
    0x0800182a   0x00000022   Code   RO         2415    i.TIM_GetITStatus   stm32f10x_tim.o
    0x0800184c   0x00000012   Code   RO         2419    i.TIM_ITConfig      stm32f10x_tim.o
    0x0800185e   0x00000002   PAD
    0x08001860   0x000000a4   Code   RO         2465    i.TIM_TimeBaseInit  stm32f10x_tim.o
    0x08001904   0x0000005c   Code   RO         3496    i.Timer2_Init_Config  timer.o
    0x08001960   0x00000030   Code   RO         3213    i.UART1_SendData    usart.o
    0x08001990   0x0000002c   Code   RO         3214    i.UART1_SendString  usart.o
    0x080019bc   0x0000002c   Code   RO         3215    i.UART2_SendString  usart.o
    0x080019e8   0x00000002   Code   RO         3216    i.USART1_IRQHandler  usart.o
    0x080019ea   0x00000002   PAD
    0x080019ec   0x000000b0   Code   RO         3217    i.USART1_Init_Config  usart.o
    0x08001a9c   0x00000070   Code   RO         3281    i.USART2_IRQHandler  gsm_base.o
    0x08001b0c   0x000000b4   Code   RO         3218    i.USART2_Init_Config  usart.o
    0x08001bc0   0x00000012   Code   RO         2926    i.USART_ClearFlag   stm32f10x_usart.o
    0x08001bd2   0x0000001e   Code   RO         2927    i.USART_ClearITPendingBit  stm32f10x_usart.o
    0x08001bf0   0x00000018   Code   RO         2930    i.USART_Cmd         stm32f10x_usart.o
    0x08001c08   0x0000009c   Code   RO         2932    i.USART_DeInit      stm32f10x_usart.o
    0x08001ca4   0x0000001a   Code   RO         2933    i.USART_GetFlagStatus  stm32f10x_usart.o
    0x08001cbe   0x00000054   Code   RO         2934    i.USART_GetITStatus  stm32f10x_usart.o
    0x08001d12   0x0000004a   Code   RO         2936    i.USART_ITConfig    stm32f10x_usart.o
    0x08001d5c   0x000000d8   Code   RO         2937    i.USART_Init        stm32f10x_usart.o
    0x08001e34   0x0000000a   Code   RO         2944    i.USART_ReceiveData  stm32f10x_usart.o
    0x08001e3e   0x00000008   Code   RO         2947    i.USART_SendData    stm32f10x_usart.o
    0x08001e46   0x00000004   Code   RO          138    i.UsageFault_Handler  stm32f10x_it.o
    0x08001e4a   0x00000002   PAD
    0x08001e4c   0x00000020   Code   RO         4878    i.__0printf         mc_w.l(printfa.o)
    0x08001e6c   0x00000028   Code   RO         4880    i.__0sprintf        mc_w.l(printfa.o)
    0x08001e94   0x00000008   Code   RO         4989    i.__aeabi_errno_addr  mc_w.l(errno.o)
    0x08001e9c   0x00000064   Code   RO         3586    i.__compages_head   qdy_interface.o
    0x08001f00   0x00000018   Code   RO         3587    i.__crc             qdy_interface.o
    0x08001f18   0x0000005c   Code   RO         4910    i.__free$realloc    mc_w.l(mallocr.o)
    0x08001f74   0x00000050   Code   RO         4911    i.__malloc$realloc  mc_w.l(mallocr.o)
    0x08001fc4   0x00000080   Code   RO         3588    i.__qdy_recv_data   qdy_interface.o
    0x08002044   0x0000000e   Code   RO         5024    i.__scatterload_copy  mc_w.l(handlers.o)
    0x08002052   0x00000002   Code   RO         5025    i.__scatterload_null  mc_w.l(handlers.o)
    0x08002054   0x0000000e   Code   RO         5026    i.__scatterload_zeroinit  mc_w.l(handlers.o)
    0x08002062   0x00000002   PAD
    0x08002064   0x00000164   Code   RO         4885    i._fp_digits        mc_w.l(printfa.o)
    0x080021c8   0x0000000e   Code   RO         4938    i._is_digit         mc_w.l(scanf_fp.o)
    0x080021d6   0x00000002   PAD
    0x080021d8   0x000006dc   Code   RO         4886    i._printf_core      mc_w.l(printfa.o)
    0x080028b4   0x00000024   Code   RO         4887    i._printf_post_padding  mc_w.l(printfa.o)
    0x080028d8   0x0000002e   Code   RO         4888    i._printf_pre_padding  mc_w.l(printfa.o)
    0x08002906   0x0000000a   Code   RO         4890    i._sputc            mc_w.l(printfa.o)
    0x08002910   0x0000002e   Code   RO         3991    i.add_item_to_array  cjson.o
    0x0800293e   0x00000076   Code   RO         3992    i.add_item_to_object  cjson.o
    0x080029b4   0x0000003c   Code   RO         4003    i.cJSON_AddNumberToObject  cjson.o
    0x080029f0   0x00000064   Code   RO         4017    i.cJSON_CreateNumber  cjson.o
    0x08002a54   0x00000018   Code   RO         4018    i.cJSON_CreateObject  cjson.o
    0x08002a6c   0x00000058   Code   RO         4025    i.cJSON_Delete      cjson.o
    0x08002ac4   0x0000001a   Code   RO         4054    i.cJSON_New_Item    cjson.o
    0x08002ade   0x00000002   PAD
    0x08002ae0   0x00000014   Code   RO         4060    i.cJSON_PrintUnformatted  cjson.o
    0x08002af4   0x00000038   Code   RO         4069    i.cJSON_strdup      cjson.o
    0x08002b2c   0x00000002   Code   RO         4071    i.cast_away_const   cjson.o
    0x08002b2e   0x00000006   Code   RO         3589    i.check_head_crc    qdy_interface.o
    0x08002b34   0x00000014   Code   RO         3282    i.clean_delay_uart  gsm_base.o
    0x08002b48   0x00000088   Code   RO         3512    i.client_main       client_demo.o
    0x08002bd0   0x0000003c   Code   RO         4072    i.compare_double    cjson.o
    0x08002c0c   0x00000024   Code   RO         3590    i.dump_data         qdy_interface.o
    0x08002c30   0x000000ba   Code   RO         4074    i.ensure            cjson.o
    0x08002cea   0x0000001a   Code   RO         3398    i.esp8266_tcp_recv  tcp_base.o
    0x08002d04   0x00000010   Code   RO         3399    i.esp8266_tcp_send  tcp_base.o
    0x08002d14   0x00000024   Code   RO         3220    i.fputc             usart.o
    0x08002d38   0x00000018   Code   RO         4970    i.fputs             mc_w.l(fputs.o)
    0x08002d50   0x00000004   Code   RO         4076    i.get_decimal_point  cjson.o
    0x08002d54   0x00000044   Code   RO         3513    i.get_humidity      client_demo.o
    0x08002d98   0x00000044   Code   RO         3514    i.get_temperature   client_demo.o
    0x08002ddc   0x00000014   Code   RO         3283    i.gsm_base_send     gsm_base.o
    0x08002df0   0x00000002   Code   RO         3591    i.hexdump           qdy_interface.o
    0x08002df2   0x00000002   PAD
    0x08002df4   0x00000050   Code   RO         4912    i.internal_alloc    mc_w.l(mallocr.o)
    0x08002e44   0x000000fc   Code   RO         3515    i.login             client_demo.o
    0x08002f40   0x00000164   Code   RO            1    i.main              main.o
    0x080030a4   0x00000012   Code   RO         3516    i.my_send           client_demo.o
    0x080030b6   0x00000002   PAD
    0x080030b8   0x00000040   Code   RO         4621    i.perror            mc_w.l(perror.o)
    0x080030f8   0x000000b2   Code   RO         4085    i.print             cjson.o
    0x080031aa   0x000000b2   Code   RO         4086    i.print_array       cjson.o
    0x0800325c   0x00000100   Code   RO         4087    i.print_number      cjson.o
    0x0800335c   0x00000174   Code   RO         4088    i.print_object      cjson.o
    0x080034d0   0x00000010   Code   RO         4089    i.print_string      cjson.o
    0x080034e0   0x00000174   Code   RO         4090    i.print_string_ptr  cjson.o
    0x08003654   0x00000104   Code   RO         4091    i.print_value       cjson.o
    0x08003758   0x00000058   Code   RO         3593    i.qdy_recv_data     qdy_interface.o
    0x080037b0   0x00000084   Code   RO         3574    i.qdy_resolve_recv_data  qdy_aff.o
    0x08003834   0x0000009c   Code   RO         3594    i.qdy_send_data     qdy_interface.o
    0x080038d0   0x0000009c   Code   RO         3595    i.qdy_send_json_data  qdy_interface.o
    0x0800396c   0x00000040   Code   RO         3596    i.qdy_sync_server   qdy_interface.o
    0x080039ac   0x0000007c   Code   RO         3517    i.qdy_upload        client_demo.o
    0x08003a28   0x0000006c   Code   RO         4913    i.realloc           mc_w.l(mallocr.o)
    0x08003a94   0x00000068   Code   RO         3284    i.recv_gsm_data     gsm_base.o
    0x08003afc   0x0000003c   Code   RO         3597    i.set_customer      qdy_interface.o
    0x08003b38   0x00000038   Code   RO         3598    i.set_name          qdy_interface.o
    0x08003b70   0x0000000c   Code   RO         3599    i.set_net_send      qdy_interface.o
    0x08003b7c   0x00000006   Code   RO         4096    i.suffix_object     cjson.o
    0x08003b82   0x00000002   PAD
    0x08003b84   0x00000034   Code   RO         3338    i.uart_send_data    gsm_code.o
    0x08003bb8   0x00000014   Code   RO         3601    i.update_head       qdy_interface.o
    0x08003bcc   0x00000024   Code   RO         4097    i.update_offset     cjson.o
    0x08003bf0   0x00000040   Data   RO         5020    .constdata          mc_w.l(ctype_c.o)
    0x08003c30   0x00000006   Data   RO         3519    .conststring        client_demo.o
    0x08003c36   0x00000002   PAD
    0x08003c38   0x00000020   Data   RO         5022    Region$$Table       anon$$obj.o


    Execution Region RW_IRAM1 (Base: 0x20000000, Size: 0x00002458, Max: 0x00005000, ABSOLUTE)

    Base Addr    Size         Type   Attr      Idx    E Section Name        Object

    0x20000000   0x00000004   Data   RW            3    .data               main.o
    0x20000004   0x00000014   Data   RW         1790    .data               stm32f10x_rcc.o
    0x20000018   0x00000014   Data   RW         3182    .data               system_stm32f10x.o
    0x2000002c   0x00000008   Data   RW         3222    .data               usart.o
    0x20000034   0x00000015   Data   RW         3287    .data               gsm_base.o
    0x20000049   0x00000003   PAD
    0x2000004c   0x00000004   Data   RW         3464    .data               systick.o
    0x20000050   0x0000000c   Data   RW         3520    .data               client_demo.o
    0x2000005c   0x0000000c   Data   RW         3603    .data               qdy_interface.o
    0x20000068   0x00000014   Data   RW         4100    .data               cjson.o
    0x2000007c   0x00000004   Data   RW         4974    .data               mc_w.l(stderr.o)
    0x20000080   0x00000004   Data   RW         4987    .data               mc_w.l(mvars.o)
    0x20000084   0x00000004   Data   RW         4988    .data               mc_w.l(mvars.o)
    0x20000088   0x00000004   Data   RW         4992    .data               mc_w.l(errno.o)
    0x2000008c   0x000007d0   Zero   RW            2    .bss                main.o
    0x2000085c   0x000007d0   Zero   RW         3286    .bss                gsm_base.o
    0x2000102c   0x00000400   Zero   RW         3518    .bss                client_demo.o
    0x2000142c   0x00000028   Zero   RW         3602    .bss                qdy_interface.o
    0x20001454   0x00000004   PAD
    0x20001458   0x00000c00   Zero   RW         3172    HEAP                startup_stm32f10x_hd.o
    0x20002058   0x00000400   Zero   RW         3171    STACK               startup_stm32f10x_hd.o


==============================================================================

Image component sizes


      Code (inc. data)   RO Data    RW Data    ZI Data      Debug   Object Name

      2464        108          0         20          0      17396   cjson.o
       666        222          6         12       1024       8747   client_demo.o
         0          0          0          0          0         32   core_cm3.o
       420        102          0         21       2000       4163   gsm_base.o
       468         92          0          0          0       3639   gsm_code.o
       356        208          0          4       2000     253005   main.o
       112         12          0          0          0        988   misc.o
       132         62          0          0          0       1164   qdy_aff.o
       908        152          0         12         40       9875   qdy_interface.o
        36          8        304          0       4096        808   startup_stm32f10x_hd.o
       278          0          0          0          0       1916   stm32f10x_gpio.o
        32          0          0          0          0       3826   stm32f10x_it.o
       340         44          0         20          0       5508   stm32f10x_rcc.o
       246         42          0          0          0       3470   stm32f10x_tim.o
       646         28          0          0          0       7768   stm32f10x_usart.o
       328         28          0         20          0       2217   system_stm32f10x.o
       224         28          0          4          0      17795   systick.o
        42          0          0          0          0       2790   tcp_base.o
        92          0          0          0          0        585   timer.o
       530         42          0          8          0       6163   usart.o

    ----------------------------------------------------------------------
      8340       1178        344        124       9164     351855   Object Totals
         0          0         32          0          0          0   (incl. Generated)
        20          0          2          3          4          0   (incl. Padding)

    ----------------------------------------------------------------------

      Code (inc. data)   RO Data    RW Data    ZI Data      Debug   Library Member Name

        56          8          0          0          0         84   __0sscanf.o
       812          4          0          0          0        112   _scanf.o
        64          0          0          0          0         84   _sgetc.o
        40          6         64          0          0         68   ctype_c.o
         0          0          0          0          0          0   entry.o
         0          0          0          0          0          0   entry10a.o
         0          0          0          0          0          0   entry11a.o
         8          4          0          0          0          0   entry2.o
         4          0          0          0          0          0   entry5.o
         0          0          0          0          0          0   entry7b.o
         0          0          0          0          0          0   entry8b.o
         8          4          0          0          0          0   entry9a.o
         8          4          0          4          0         68   errno.o
        24          0          0          0          0         80   fputs.o
        30          0          0          0          0          0   handlers.o
        36          8          0          0          0         68   init.o
        10          0          0          0          0         68   isspace_c.o
         0          0          0          0          0          0   iusefp.o
        30          0          0          0          0         68   llshl.o
        36          0          0          0          0         68   llsshr.o
        32          0          0          0          0         68   llushr.o
       360         30          0          0          0        356   mallocr.o
        36          0          0          0          0         68   memcpya.o
        36          0          0          0          0        108   memseta.o
         0          0          0          8          0          0   mvars.o
        64         14          0          0          0         80   perror.o
      2276         96          0          0          0        596   printfa.o
        40          8          0          0          0         84   scanf_char.o
       838         12          0          0          0        216   scanf_fp.o
         0          0          0          4          0          0   stderr.o
        18          0          0          0          0         68   strcpy.o
       228        196          0          0          0         68   strerror.o
        14          0          0          0          0         68   strlen.o
        36          0          0          0          0         80   strstr.o
        44          0          0          0          0         80   uidiv.o
        98          0          0          0          0         92   uldiv.o
        48          0          0          0          0         68   cdcmple.o
        48          0          0          0          0         68   cdrcmple.o
        56          0          0          0          0         88   d2f.o
       334          0          0          0          0        148   dadd.o
       222          0          0          0          0        100   ddiv.o
       186          0          0          0          0        176   depilogue.o
        62          0          0          0          0         80   dfixi.o
        48          0          0          0          0         68   dfixul.o
        24          0          0          0          0         76   dfltul.o
       228          0          0          0          0         96   dmul.o
        38          0          0          0          0         68   f2d.o
       110          0          0          0          0        168   fepilogue.o

    ----------------------------------------------------------------------
      6700        394         64         16          0       4004   Library Totals
        10          0          0          0          0          0   (incl. Padding)

    ----------------------------------------------------------------------

      Code (inc. data)   RO Data    RW Data    ZI Data      Debug   Library Name

      5286        394         64         16          0       2800   mc_w.l
      1404          0          0          0          0       1204   mf_w.l

    ----------------------------------------------------------------------
      6700        394         64         16          0       4004   Library Totals

    ----------------------------------------------------------------------

==============================================================================


      Code (inc. data)   RO Data    RW Data    ZI Data      Debug   

     15040       1572        408        140       9164     348627   Grand Totals
     15040       1572        408        140       9164     348627   ELF Image Totals
     15040       1572        408        140          0          0   ROM Totals

==============================================================================

    Total RO  Size (Code + RO Data)                15448 (  15.09kB)
    Total RW  Size (RW Data + ZI Data)              9304 (   9.09kB)
    Total ROM Size (Code + RO Data + RW Data)      15588 (  15.22kB)

==============================================================================

